---
source: tests/pipeline_scenarios.rs
assertion_line: 826
expression: run_normalized(msgs)
---
- role: system
  id: msg-1
  content_length: 1
  content:
    - type: text
      text: "## Assignee Report Received\n\nCard: Build API\nRepor....\n\nRecommended supervisor action:\nReview the card.[len:169]"
  status: ~
  streaming: ~
