---
source: tests/pipeline_scenarios.rs
expression: run_normalized(msgs)
---
- role: assistant
  id: msg-1
  content_length: 1
  content:
    - type: delegation-anchor
      delegation_id: "<redacted-delegation-id>"
      parent_session_id: "<redacted-parent-session-id>"
      child_session_id: "<redacted-child-session-id>"
      title: Inspect parser
      provider: codex
      model_id: gpt-5.4
      status: succeeded
      has_structured_result: true
      has_error: false
  status: ~
  streaming: ~
